2026-05-10 21:51:08 [main] INFO  c.a.q.QuantityMeasurementApp - === Quantity Measurement Application - UC16 ===
2026-05-10 21:51:08 [main] INFO  c.a.q.util.ApplicationConfig - ApplicationConfig: Loaded configuration from application.properties
2026-05-10 21:51:08 [main] INFO  c.a.q.QuantityMeasurementApp - QuantityMeasurementApp: Repository type = 'database'
2026-05-10 21:51:08 [main] INFO  c.a.q.util.ConnectionPool - ConnectionPool: Initialising with 5 initial / 10 max connections.
2026-05-10 21:51:09 [main] DEBUG c.a.q.util.ConnectionPool - ConnectionPool: New connection created: conn0: url=jdbc:h2:mem:quantitydb user=SA
2026-05-10 21:51:09 [main] DEBUG c.a.q.util.ConnectionPool - ConnectionPool: New connection created: conn1: url=jdbc:h2:mem:quantitydb user=SA
2026-05-10 21:51:09 [main] DEBUG c.a.q.util.ConnectionPool - ConnectionPool: New connection created: conn2: url=jdbc:h2:mem:quantitydb user=SA
2026-05-10 21:51:09 [main] DEBUG c.a.q.util.ConnectionPool - ConnectionPool: New connection created: conn3: url=jdbc:h2:mem:quantitydb user=SA
2026-05-10 21:51:09 [main] DEBUG c.a.q.util.ConnectionPool - ConnectionPool: New connection created: conn4: url=jdbc:h2:mem:quantitydb user=SA
2026-05-10 21:51:09 [main] INFO  c.a.q.util.ConnectionPool - ConnectionPool: Initialised. 5 connections ready.
2026-05-10 21:51:09 [main] INFO  c.a.q.r.QuantityMeasurementDatabaseRepository - QuantityMeasurementDatabaseRepository: Initialised with pool: ConnectionPool[total=5, active=0, available=5, maxSize=10, closed=false]
2026-05-10 21:51:09 [main] INFO  c.a.q.QuantityMeasurementApp - QuantityMeasurementApp: Using DATABASE repository.
2026-05-10 21:51:09 [main] INFO  c.a.q.s.QuantityMeasurementServiceImpl - QuantityMeasurementServiceImpl: Initialised with repository: QuantityMeasurementDatabaseRepository
2026-05-10 21:51:09 [main] INFO  c.a.q.c.QuantityMeasurementController - QuantityMeasurementController: Initialised.
2026-05-10 21:51:09 [main] INFO  c.a.q.QuantityMeasurementApp - QuantityMeasurementApp: All layers initialised successfully.
2026-05-10 21:51:09 [main] INFO  c.a.q.QuantityMeasurementApp - --- Length Comparisons ---
2026-05-10 21:51:09 [main] DEBUG c.a.q.c.QuantityMeasurementController - Controller.compare: 1.0 FEET vs 12.0 INCH [LENGTH]
2026-05-10 21:51:09 [main] DEBUG c.a.q.s.QuantityMeasurementServiceImpl - Service.compare: 1.0 FEET vs 12.0 INCH
2026-05-10 21:51:09 [main] DEBUG c.a.q.util.ConnectionPool - ConnectionPool: Connection acquired. Active=1, Available=4
2026-05-10 21:51:09 [main] DEBUG c.a.q.r.QuantityMeasurementDatabaseRepository - DatabaseRepository: Saved entity id=1 op=COMPARE type=LENGTH
2026-05-10 21:51:09 [main] DEBUG c.a.q.util.ConnectionPool - ConnectionPool: Connection released. Active=0, Available=5
2026-05-10 21:51:09 [main] INFO  c.a.q.s.QuantityMeasurementServiceImpl - Service.compare: 1.0 FEET == 12.0 INCH? true
2026-05-10 21:51:09 [main] INFO  c.a.q.QuantityMeasurementApp - 1 FEET == 12 INCH? true
2026-05-10 21:51:09 [main] DEBUG c.a.q.c.QuantityMeasurementController - Controller.compare: 1.0 YARD vs 3.0 FEET [LENGTH]
2026-05-10 21:51:09 [main] DEBUG c.a.q.s.QuantityMeasurementServiceImpl - Service.compare: 1.0 YARD vs 3.0 FEET
2026-05-10 21:51:09 [main] DEBUG c.a.q.util.ConnectionPool - ConnectionPool: Connection acquired. Active=1, Available=4
2026-05-10 21:51:09 [main] DEBUG c.a.q.r.QuantityMeasurementDatabaseRepository - DatabaseRepository: Saved entity id=2 op=COMPARE type=LENGTH
2026-05-10 21:51:09 [main] DEBUG c.a.q.util.ConnectionPool - ConnectionPool: Connection released. Active=0, Available=5
2026-05-10 21:51:09 [main] INFO  c.a.q.s.QuantityMeasurementServiceImpl - Service.compare: 1.0 YARD == 3.0 FEET? true
2026-05-10 21:51:09 [main] INFO  c.a.q.QuantityMeasurementApp - 1 YARD == 3 FEET? true
2026-05-10 21:51:09 [main] INFO  c.a.q.QuantityMeasurementApp - --- Weight Comparisons ---
2026-05-10 21:51:09 [main] DEBUG c.a.q.c.QuantityMeasurementController - Controller.compare: 1.0 KILOGRAM vs 1000.0 GRAM [WEIGHT]
2026-05-10 21:51:09 [main] DEBUG c.a.q.s.QuantityMeasurementServiceImpl - Service.compare: 1.0 KILOGRAM vs 1000.0 GRAM
2026-05-10 21:51:09 [main] DEBUG c.a.q.util.ConnectionPool - ConnectionPool: Connection acquired. Active=1, Available=4
2026-05-10 21:51:09 [main] DEBUG c.a.q.r.QuantityMeasurementDatabaseRepository - DatabaseRepository: Saved entity id=3 op=COMPARE type=WEIGHT
2026-05-10 21:51:09 [main] DEBUG c.a.q.util.ConnectionPool - ConnectionPool: Connection released. Active=0, Available=5
2026-05-10 21:51:09 [main] INFO  c.a.q.s.QuantityMeasurementServiceImpl - Service.compare: 1.0 KILOGRAM == 1000.0 GRAM? true
2026-05-10 21:51:09 [main] INFO  c.a.q.QuantityMeasurementApp - 1 KILOGRAM == 1000 GRAM? true
2026-05-10 21:51:09 [main] INFO  c.a.q.QuantityMeasurementApp - --- Volume Addition ---
2026-05-10 21:51:09 [main] DEBUG c.a.q.c.QuantityMeasurementController - Controller.add: 1.0 GALLON + 3.78541 LITRE [VOLUME]
2026-05-10 21:51:09 [main] DEBUG c.a.q.s.QuantityMeasurementServiceImpl - Service.add: 1.0 GALLON + 3.78541 LITRE
2026-05-10 21:51:09 [main] DEBUG c.a.q.util.ConnectionPool - ConnectionPool: Connection acquired. Active=1, Available=4
2026-05-10 21:51:09 [main] DEBUG c.a.q.r.QuantityMeasurementDatabaseRepository - DatabaseRepository: Saved entity id=4 op=ADD type=VOLUME
2026-05-10 21:51:09 [main] DEBUG c.a.q.util.ConnectionPool - ConnectionPool: Connection released. Active=0, Available=5
2026-05-10 21:51:09 [main] INFO  c.a.q.s.QuantityMeasurementServiceImpl - Service.add: 1.0 GALLON + 3.78541 LITRE = 7.57082 (base unit)
2026-05-10 21:51:09 [main] INFO  c.a.q.QuantityMeasurementApp - 1 GALLON + 3.78541 LITRE = 7.57082 LITRE (base)
2026-05-10 21:51:09 [main] INFO  c.a.q.QuantityMeasurementApp - --- Temperature Conversion ---
2026-05-10 21:51:09 [main] DEBUG c.a.q.c.QuantityMeasurementController - Controller.convert: 212.0 FAHRENHEIT -> base [TEMPERATURE]
2026-05-10 21:51:09 [main] DEBUG c.a.q.s.QuantityMeasurementServiceImpl - Service.convert: 212.0 FAHRENHEIT -> base
2026-05-10 21:51:09 [main] DEBUG c.a.q.util.ConnectionPool - ConnectionPool: Connection acquired. Active=1, Available=4
2026-05-10 21:51:09 [main] DEBUG c.a.q.r.QuantityMeasurementDatabaseRepository - DatabaseRepository: Saved entity id=5 op=CONVERT type=TEMPERATURE
2026-05-10 21:51:09 [main] DEBUG c.a.q.util.ConnectionPool - ConnectionPool: Connection released. Active=0, Available=5
2026-05-10 21:51:09 [main] INFO  c.a.q.s.QuantityMeasurementServiceImpl - Service.convert: 212.0 FAHRENHEIT = 100.0 (base unit)
2026-05-10 21:51:09 [main] INFO  c.a.q.QuantityMeasurementApp - 212 FAHRENHEIT = 100.0 CELSIUS
2026-05-10 21:51:09 [main] INFO  c.a.q.QuantityMeasurementApp - --- Repository Statistics ---
2026-05-10 21:51:09 [main] INFO  c.a.q.QuantityMeasurementApp - Pool stats: ConnectionPool[total=5, active=0, available=5, maxSize=10, closed=false]
2026-05-10 21:51:09 [main] DEBUG c.a.q.util.ConnectionPool - ConnectionPool: Connection acquired. Active=1, Available=4
2026-05-10 21:51:09 [main] DEBUG c.a.q.r.QuantityMeasurementDatabaseRepository - DatabaseRepository: Total count = 5
2026-05-10 21:51:09 [main] DEBUG c.a.q.util.ConnectionPool - ConnectionPool: Connection released. Active=0, Available=5
2026-05-10 21:51:09 [main] INFO  c.a.q.QuantityMeasurementApp - Total measurements stored: 5
2026-05-10 21:51:09 [main] INFO  c.a.q.QuantityMeasurementApp - --- All Measurements ---
2026-05-10 21:51:09 [main] DEBUG c.a.q.util.ConnectionPool - ConnectionPool: Connection acquired. Active=1, Available=4
2026-05-10 21:51:09 [main] DEBUG c.a.q.r.QuantityMeasurementDatabaseRepository - DatabaseRepository: Retrieved 5 measurements.
2026-05-10 21:51:09 [main] DEBUG c.a.q.util.ConnectionPool - ConnectionPool: Connection released. Active=0, Available=5
2026-05-10 21:51:09 [main] INFO  c.a.q.QuantityMeasurementApp -   QuantityMeasurementEntity{id=1, op='COMPARE', type='LENGTH', 1.0 FEET <-> 12.0 INCH, result=0.0, resultBool=true, at=2026-05-10T21:51:09.123600}
2026-05-10 21:51:09 [main] INFO  c.a.q.QuantityMeasurementApp -   QuantityMeasurementEntity{id=2, op='COMPARE', type='LENGTH', 1.0 YARD <-> 3.0 FEET, result=0.0, resultBool=true, at=2026-05-10T21:51:09.138669}
2026-05-10 21:51:09 [main] INFO  c.a.q.QuantityMeasurementApp -   QuantityMeasurementEntity{id=3, op='COMPARE', type='WEIGHT', 1.0 KILOGRAM <-> 1000.0 GRAM, result=0.0, resultBool=true, at=2026-05-10T21:51:09.142658}
2026-05-10 21:51:09 [main] INFO  c.a.q.QuantityMeasurementApp -   QuantityMeasurementEntity{id=4, op='ADD', type='VOLUME', 1.0 GALLON <-> 3.78541 LITRE, result=7.57082, resultBool=false, at=2026-05-10T21:51:09.147178}
2026-05-10 21:51:09 [main] INFO  c.a.q.QuantityMeasurementApp -   QuantityMeasurementEntity{id=5, op='CONVERT', type='TEMPERATURE', 212.0 FAHRENHEIT <-> 0.0 FAHRENHEIT, result=100.0, resultBool=false, at=2026-05-10T21:51:09.151198}
2026-05-10 21:51:09 [main] INFO  c.a.q.QuantityMeasurementApp - --- Measurements by Type: LENGTH ---
2026-05-10 21:51:09 [main] DEBUG c.a.q.util.ConnectionPool - ConnectionPool: Connection acquired. Active=1, Available=4
2026-05-10 21:51:09 [main] DEBUG c.a.q.r.QuantityMeasurementDatabaseRepository - DatabaseRepository: Found 2 entities for type 'LENGTH'.
2026-05-10 21:51:09 [main] DEBUG c.a.q.util.ConnectionPool - ConnectionPool: Connection released. Active=0, Available=5
2026-05-10 21:51:09 [main] INFO  c.a.q.QuantityMeasurementApp -   Found 2 LENGTH measurements.
2026-05-10 21:51:09 [main] INFO  c.a.q.QuantityMeasurementApp - --- Measurements by Operation: COMPARE ---
2026-05-10 21:51:09 [main] DEBUG c.a.q.util.ConnectionPool - ConnectionPool: Connection acquired. Active=1, Available=4
2026-05-10 21:51:09 [main] DEBUG c.a.q.r.QuantityMeasurementDatabaseRepository - DatabaseRepository: Found 3 entities for operation 'COMPARE'.
2026-05-10 21:51:09 [main] DEBUG c.a.q.util.ConnectionPool - ConnectionPool: Connection released. Active=0, Available=5
2026-05-10 21:51:09 [main] INFO  c.a.q.QuantityMeasurementApp -   Found 3 COMPARE measurements.
2026-05-10 21:51:09 [main] INFO  c.a.q.QuantityMeasurementApp - --- Deleting All Measurements ---
2026-05-10 21:51:09 [main] DEBUG c.a.q.util.ConnectionPool - ConnectionPool: Connection acquired. Active=1, Available=4
2026-05-10 21:51:09 [main] INFO  c.a.q.r.QuantityMeasurementDatabaseRepository - DatabaseRepository: Deleted 5 measurement records.
2026-05-10 21:51:09 [main] DEBUG c.a.q.util.ConnectionPool - ConnectionPool: Connection released. Active=0, Available=5
2026-05-10 21:51:09 [main] INFO  c.a.q.s.QuantityMeasurementServiceImpl - Service: All measurements deleted.
2026-05-10 21:51:09 [main] DEBUG c.a.q.util.ConnectionPool - ConnectionPool: Connection acquired. Active=1, Available=4
2026-05-10 21:51:09 [main] DEBUG c.a.q.r.QuantityMeasurementDatabaseRepository - DatabaseRepository: Total count = 0
2026-05-10 21:51:09 [main] DEBUG c.a.q.util.ConnectionPool - ConnectionPool: Connection released. Active=0, Available=5
2026-05-10 21:51:09 [main] INFO  c.a.q.QuantityMeasurementApp - Measurements after delete: 0
2026-05-10 21:51:09 [main] INFO  c.a.q.util.ConnectionPool - ConnectionPool: Shutting down. Closing 5 connections.
2026-05-10 21:51:09 [main] INFO  c.a.q.util.ConnectionPool - ConnectionPool: Shutdown complete.
2026-05-10 21:51:09 [main] INFO  c.a.q.r.QuantityMeasurementDatabaseRepository - DatabaseRepository: Connection pool shut down.
2026-05-10 21:51:09 [main] INFO  c.a.q.QuantityMeasurementApp - QuantityMeasurementApp: Resources released.
2026-05-10 21:51:09 [main] INFO  c.a.q.QuantityMeasurementApp - === Application Shutdown Complete ===
